开始时间: 2026-01-16 20:51:27

============================================================
WebSocket 自动化测试
============================================================
连接地址: ws://localhost:8000/ws/train?course_id=course-credit-card-001&scenario_id=scenario-annual-fee-001&persona_id=persona-wang-001&user_id=test-user-auto

python : Traceback (most recent call last):
At line:1 char:1
+ python scripts/test_ws_auto.py > test_output.txt 2>&1
+ ~~~~~~~~~~~~~~~~~~~~~~~~~~~~~~~~~~~~~~~~~~~~~~~~~~~~~
    + CategoryInfo          : NotSpecified: (Traceback (most recent call last): 
   :String) [], RemoteException
    + FullyQualifiedErrorId : NativeCommandError
 
  File "D:\SalesBoost\scripts\test_ws_auto.py", line 36, in test_websocket
    print(f"\u2705 WebSocket 连接成功")
UnicodeEncodeError: 'gbk' codec can't encode character '\u2705' in position 0: i
llegal multibyte sequence

During handling of the above exception, another exception occurred:

Traceback (most recent call last):
  File "D:\SalesBoost\scripts\test_ws_auto.py", line 129, in <module>
    result = asyncio.run(test_websocket())
             ^^^^^^^^^^^^^^^^^^^^^^^^^^^^^
  File "C:\Users\Benjamindaoson\AppData\Local\Programs\Python\Python311\Lib\asyn
cio\runners.py", line 190, in run
    return runner.run(main)
           ^^^^^^^^^^^^^^^^
  File "C:\Users\Benjamindaoson\AppData\Local\Programs\Python\Python311\Lib\asyn
cio\runners.py", line 118, in run
    return self._loop.run_until_complete(task)
           ^^^^^^^^^^^^^^^^^^^^^^^^^^^^^^^^^^^
  File "C:\Users\Benjamindaoson\AppData\Local\Programs\Python\Python311\Lib\asyn
cio\base_events.py", line 654, in run_until_complete
    return future.result()
           ^^^^^^^^^^^^^^^
  File "D:\SalesBoost\scripts\test_ws_auto.py", line 119, in test_websocket
    print(f"\u274c 测试失败: {type(e).__name__}: {e}")
UnicodeEncodeError: 'gbk' codec can't encode character '\u274c' in position 0: i
llegal multibyte sequence
